[     366ms] [INFO] %cDownload the React DevTools for a better development experience: https://react.dev/link/react-devtools font-weight:bold @ http://localhost:3000/static/js/bundle.js:25043
[   63215ms] [LOG] onDrop: Current FEN: rnbqkbnr/pppppppp/8/8/8/8/PPPPPPPP/RNBQKBNR w KQkq - 0 1 @ http://localhost:3000/static/js/bundle.js:33776
[   63216ms] [LOG] onDrop: Move Options: {from: e2, to: e4} @ http://localhost:3000/static/js/bundle.js:33777
[   63217ms] [LOG] Sending command: position fen rnbqkbnr/pppppppp/8/8/4P3/8/PPPP1PPP/RNBQKBNR b KQkq - 0 1 @ http://localhost:3000/static/js/bundle.js:33624
[   63322ms] [LOG] makeAutoOpponentMove called @ http://localhost:3000/static/js/bundle.js:33632
[   63322ms] [LOG] Sending command: stop @ http://localhost:3000/static/js/bundle.js:33624
[   63323ms] [LOG] Sending command: position fen rnbqkbnr/pppppppp/8/8/4P3/8/PPPP1PPP/RNBQKBNR b KQkq - 0 1 @ http://localhost:3000/static/js/bundle.js:33624
[   63323ms] [LOG] Sending command: go movetime 1000 @ http://localhost:3000/static/js/bundle.js:33624
[   63828ms] [LOG] makeAutoOpponentMove called @ http://localhost:3000/static/js/bundle.js:33632
[   63828ms] [LOG] Sending command: stop @ http://localhost:3000/static/js/bundle.js:33624
[   63828ms] [LOG] Sending command: position fen rnbqkbnr/pppppppp/8/8/4P3/8/PPPP1PPP/RNBQKBNR b KQkq - 0 1 @ http://localhost:3000/static/js/bundle.js:33624
[   63828ms] [LOG] Sending command: go movetime 1000 @ http://localhost:3000/static/js/bundle.js:33624
[  519568ms] [ERROR] WebSocket connection to 'ws://localhost:3000/ws' failed: Error in connection establishment: net::ERR_CONNECTION_REFUSED @ http://localhost:3000/static/js/bundle.js:26162
[  523960ms] [ERROR] WebSocket connection to 'ws://localhost:3000/ws' failed: Error in connection establishment: net::ERR_CONNECTION_REFUSED @ http://localhost:3000/static/js/bundle.js:26162
[  530360ms] [ERROR] WebSocket connection to 'ws://localhost:3000/ws' failed: Error in connection establishment: net::ERR_CONNECTION_REFUSED @ http://localhost:3000/static/js/bundle.js:26162
[  549212ms] [ERROR] WebSocket connection to 'ws://localhost:3000/ws' failed: Error in connection establishment: net::ERR_CONNECTION_REFUSED @ http://localhost:3000/static/js/bundle.js:26162
[  553658ms] [ERROR] WebSocket connection to 'ws://localhost:3000/ws' failed: Error in connection establishment: net::ERR_CONNECTION_REFUSED @ http://localhost:3000/static/js/bundle.js:26162
[  560053ms] [ERROR] WebSocket connection to 'ws://localhost:3000/ws' failed: Error in connection establishment: net::ERR_CONNECTION_REFUSED @ http://localhost:3000/static/js/bundle.js:26162
[  570420ms] [ERROR] WebSocket connection to 'ws://localhost:3000/ws' failed: Error in connection establishment: net::ERR_CONNECTION_REFUSED @ http://localhost:3000/static/js/bundle.js:26162
[  588830ms] [ERROR] WebSocket connection to 'ws://localhost:3000/ws' failed: Error in connection establishment: net::ERR_CONNECTION_REFUSED @ http://localhost:3000/static/js/bundle.js:26162
