[     873ms] [INFO] %cDownload the React DevTools for a better development experience: https://react.dev/link/react-devtools font-weight:bold @ http://localhost:3000/static/js/bundle.js:25043
[    1006ms] [LOG] [BrowserEngine] start() creating worker: /stockfish/stockfish-nnue-16-single.js @ http://localhost:3000/static/js/bundle.js:35311
[    1010ms] [LOG] [BrowserEngine] start() creating worker: /stockfish/stockfish-nnue-16-single.js @ http://localhost:3000/static/js/bundle.js:35311
[    1329ms] [LOG] [BrowserEngine] onmessage raw: "Stockfish 16 64 POPCNT WASM Single-threaded by the Stockfish" @ http://localhost:3000/static/js/bundle.js:35315
[    2021ms] [LOG] [BrowserEngine] onmessage raw: "id name Stockfish 16 64 POPCNT WASM Single-threaded" @ http://localhost:3000/static/js/bundle.js:35315
[    2021ms] [LOG] [BrowserEngine] onmessage raw: "id author the Stockfish developers (see AUTHORS file)" @ http://localhost:3000/static/js/bundle.js:35315
[    2022ms] [LOG] [BrowserEngine] onmessage raw: "" @ http://localhost:3000/static/js/bundle.js:35315
[    2022ms] [LOG] [BrowserEngine] onmessage raw: "option name Debug Log File type string default " @ http://localhost:3000/static/js/bundle.js:35315
[    2031ms] [LOG] [BrowserEngine] onmessage raw: "option name Threads type spin default 1 min 1 max 1" @ http://localhost:3000/static/js/bundle.js:35315
[    2031ms] [LOG] [BrowserEngine] onmessage raw: "option name Hash type spin default 16 min 1 max 33554432" @ http://localhost:3000/static/js/bundle.js:35315
[    2032ms] [LOG] [BrowserEngine] onmessage raw: "option name Clear Hash type button" @ http://localhost:3000/static/js/bundle.js:35315
[    2032ms] [LOG] [BrowserEngine] onmessage raw: "option name Ponder type check default false" @ http://localhost:3000/static/js/bundle.js:35315
[    2032ms] [LOG] [BrowserEngine] onmessage raw: "option name MultiPV type spin default 1 min 1 max 500" @ http://localhost:3000/static/js/bundle.js:35315
[    2033ms] [LOG] [BrowserEngine] onmessage raw: "option name Skill Level type spin default 20 min 0 max 20" @ http://localhost:3000/static/js/bundle.js:35315
[    2033ms] [LOG] [BrowserEngine] onmessage raw: "option name Move Overhead type spin default 10 min 0 max 500" @ http://localhost:3000/static/js/bundle.js:35315
[    2033ms] [LOG] [BrowserEngine] onmessage raw: "option name Slow Mover type spin default 100 min 10 max 1000" @ http://localhost:3000/static/js/bundle.js:35315
[    2033ms] [LOG] [BrowserEngine] onmessage raw: "option name nodestime type spin default 0 min 0 max 10000" @ http://localhost:3000/static/js/bundle.js:35315
[    2033ms] [LOG] [BrowserEngine] onmessage raw: "option name UCI_Chess960 type check default false" @ http://localhost:3000/static/js/bundle.js:35315
[    2033ms] [LOG] [BrowserEngine] onmessage raw: "option name UCI_AnalyseMode type check default false" @ http://localhost:3000/static/js/bundle.js:35315
[    2034ms] [LOG] [BrowserEngine] onmessage raw: "option name UCI_LimitStrength type check default false" @ http://localhost:3000/static/js/bundle.js:35315
[    2034ms] [LOG] [BrowserEngine] onmessage raw: "option name UCI_Elo type spin default 1320 min 1320 max 3190" @ http://localhost:3000/static/js/bundle.js:35315
[    2034ms] [LOG] [BrowserEngine] onmessage raw: "option name UCI_ShowWDL type check default false" @ http://localhost:3000/static/js/bundle.js:35315
[    2034ms] [LOG] [BrowserEngine] onmessage raw: "option name Use NNUE type check default false" @ http://localhost:3000/static/js/bundle.js:35315
[    2034ms] [LOG] [BrowserEngine] onmessage raw: "option name EvalFile type string default nn-5af11540bbfe.nnu" @ http://localhost:3000/static/js/bundle.js:35315
[    2034ms] [LOG] [BrowserEngine] onmessage raw: "uciok" @ http://localhost:3000/static/js/bundle.js:35315
[   52226ms] [LOG] [BrowserEngine] start() creating worker: /stockfish/stockfish-nnue-16-single.js @ http://localhost:3000/main.48575b1b42c4c4c354ed.hot-update.js:94
[   52868ms] [LOG] [BrowserEngine] onmessage raw: "Stockfish 16 64 POPCNT WASM Single-threaded by the Stockfish" @ http://localhost:3000/main.48575b1b42c4c4c354ed.hot-update.js:98
[   53530ms] [LOG] [BrowserEngine] onmessage raw: "id name Stockfish 16 64 POPCNT WASM Single-threaded" @ http://localhost:3000/main.48575b1b42c4c4c354ed.hot-update.js:98
[   53531ms] [LOG] [BrowserEngine] onmessage raw: "id author the Stockfish developers (see AUTHORS file)" @ http://localhost:3000/main.48575b1b42c4c4c354ed.hot-update.js:98
[   53531ms] [LOG] [BrowserEngine] onmessage raw: "" @ http://localhost:3000/main.48575b1b42c4c4c354ed.hot-update.js:98
[   53531ms] [LOG] [BrowserEngine] onmessage raw: "option name Debug Log File type string default " @ http://localhost:3000/main.48575b1b42c4c4c354ed.hot-update.js:98
[   53538ms] [LOG] [BrowserEngine] onmessage raw: "option name Threads type spin default 1 min 1 max 1" @ http://localhost:3000/main.48575b1b42c4c4c354ed.hot-update.js:98
[   53538ms] [LOG] [BrowserEngine] onmessage raw: "option name Hash type spin default 16 min 1 max 33554432" @ http://localhost:3000/main.48575b1b42c4c4c354ed.hot-update.js:98
[   53539ms] [LOG] [BrowserEngine] onmessage raw: "option name Clear Hash type button" @ http://localhost:3000/main.48575b1b42c4c4c354ed.hot-update.js:98
[   53539ms] [LOG] [BrowserEngine] onmessage raw: "option name Ponder type check default false" @ http://localhost:3000/main.48575b1b42c4c4c354ed.hot-update.js:98
[   53541ms] [LOG] [BrowserEngine] onmessage raw: "option name MultiPV type spin default 1 min 1 max 500" @ http://localhost:3000/main.48575b1b42c4c4c354ed.hot-update.js:98
[   53541ms] [LOG] [BrowserEngine] onmessage raw: "option name Skill Level type spin default 20 min 0 max 20" @ http://localhost:3000/main.48575b1b42c4c4c354ed.hot-update.js:98
[   53541ms] [LOG] [BrowserEngine] onmessage raw: "option name Move Overhead type spin default 10 min 0 max 500" @ http://localhost:3000/main.48575b1b42c4c4c354ed.hot-update.js:98
[   53541ms] [LOG] [BrowserEngine] onmessage raw: "option name Slow Mover type spin default 100 min 10 max 1000" @ http://localhost:3000/main.48575b1b42c4c4c354ed.hot-update.js:98
[   53541ms] [LOG] [BrowserEngine] onmessage raw: "option name nodestime type spin default 0 min 0 max 10000" @ http://localhost:3000/main.48575b1b42c4c4c354ed.hot-update.js:98
[   53542ms] [LOG] [BrowserEngine] onmessage raw: "option name UCI_Chess960 type check default false" @ http://localhost:3000/main.48575b1b42c4c4c354ed.hot-update.js:98
[   53542ms] [LOG] [BrowserEngine] onmessage raw: "option name UCI_AnalyseMode type check default false" @ http://localhost:3000/main.48575b1b42c4c4c354ed.hot-update.js:98
[   53542ms] [LOG] [BrowserEngine] onmessage raw: "option name UCI_LimitStrength type check default false" @ http://localhost:3000/main.48575b1b42c4c4c354ed.hot-update.js:98
[   53543ms] [LOG] [BrowserEngine] onmessage raw: "option name UCI_Elo type spin default 1320 min 1320 max 3190" @ http://localhost:3000/main.48575b1b42c4c4c354ed.hot-update.js:98
[   53543ms] [LOG] [BrowserEngine] onmessage raw: "option name UCI_ShowWDL type check default false" @ http://localhost:3000/main.48575b1b42c4c4c354ed.hot-update.js:98
[   53543ms] [LOG] [BrowserEngine] onmessage raw: "option name Use NNUE type check default false" @ http://localhost:3000/main.48575b1b42c4c4c354ed.hot-update.js:98
[   53543ms] [LOG] [BrowserEngine] onmessage raw: "option name EvalFile type string default nn-5af11540bbfe.nnu" @ http://localhost:3000/main.48575b1b42c4c4c354ed.hot-update.js:98
[   53543ms] [LOG] [BrowserEngine] onmessage raw: "uciok" @ http://localhost:3000/main.48575b1b42c4c4c354ed.hot-update.js:98
[   81845ms] [ERROR] WebSocket connection to 'ws://localhost:3000/ws' failed: Error in connection establishment: net::ERR_CONNECTION_REFUSED @ http://localhost:3000/static/js/bundle.js:26162
[   86282ms] [ERROR] WebSocket connection to 'ws://localhost:3000/ws' failed: Error in connection establishment: net::ERR_CONNECTION_REFUSED @ http://localhost:3000/static/js/bundle.js:26162
[   92694ms] [ERROR] WebSocket connection to 'ws://localhost:3000/ws' failed: Error in connection establishment: net::ERR_CONNECTION_REFUSED @ http://localhost:3000/static/js/bundle.js:26162
[  103093ms] [ERROR] WebSocket connection to 'ws://localhost:3000/ws' failed: Error in connection establishment: net::ERR_CONNECTION_REFUSED @ http://localhost:3000/static/js/bundle.js:26162
